src/components/Converter.tsx(1,8): error TS6133: 'React' is declared but its value is never read.
src/components/Converter.tsx(4,63): error TS6133: 'HeadingLevel' is declared but its value is never read.
src/components/Converter.tsx(4,77): error TS6133: 'UnderlineType' is declared but its value is never read.
src/components/Converter.tsx(5,24): error TS7016: Could not find a declaration file for module 'file-saver'. 'C:/Users/Mani_Reddy/Downloads/Text-to-Pdf/node_modules/file-saver/dist/FileSaver.min.js' implicitly has an 'any' type.
  Try `npm i --save-dev @types/file-saver` if it exists or add a new declaration (.d.ts) file containing `declare module 'file-saver';`
src/components/Converter.tsx(214,25): error TS7006: Parameter 'templateKey' implicitly has an 'any' type.
src/components/Converter.tsx(215,13): error TS7053: Element implicitly has an 'any' type because expression of type 'any' can't be used to index type '{ blank: string; essay: string; report: string; assignment: string; formalLetter: string; coverLetter: string; requestLetter: string; recommendationRequest: string; complaintLetter: string; }'.
src/components/Converter.tsx(218,28): error TS7006: Parameter 'formatType' implicitly has an 'any' type.
src/components/Converter.tsx(222,28): error TS2339: Property 'selectionStart' does not exist on type 'never'.
src/components/Converter.tsx(223,26): error TS2339: Property 'selectionEnd' does not exist on type 'never'.
src/components/Converter.tsx(251,16): error TS2339: Property 'focus' does not exist on type 'never'.
src/components/Converter.tsx(252,16): error TS2339: Property 'setSelectionRange' does not exist on type 'never'.
src/components/Converter.tsx(282,26): error TS7006: Parameter 'line' implicitly has an 'any' type.
src/components/Converter.tsx(282,32): error TS6133: 'index' is declared but its value is never read.
src/components/Converter.tsx(282,32): error TS7006: Parameter 'index' implicitly has an 'any' type.
src/components/Converter.tsx(324,35): error TS2322: Type '"center"' is not assignable to type '"left"'.
src/components/Converter.tsx(325,34): error TS2322: Type '"right"' is not assignable to type '"left"'.
src/components/Converter.tsx(557,26): error TS2322: Type 'string' is not assignable to type 'TextAlign | undefined'.
